--------------------------------------------------------------------------------
Lattice Synthesis Timing Report, Version  
Wed Dec 09 16:38:53 2020

Copyright (c) 1991-1994 by NeoCAD Inc. All rights reserved.
Copyright (c) 1995 AT&T Corp.   All rights reserved.
Copyright (c) 1995-2001 Lucent Technologies Inc.  All rights reserved.
Copyright (c) 2001 Agere Systems   All rights reserved.
Copyright (c) 2002-2017 Lattice Semiconductor Corporation,  All rights reserved.

Report Information
------------------
Design:     cpu2system
Constraint file:  
Report level:    verbose report, limited to 3 items per constraint
--------------------------------------------------------------------------------



================================================================================
Constraint: create_clock -period 5.000000 -name clk1 [get_nets clk_c]
            4096 items scored, 4096 timing errors detected.
--------------------------------------------------------------------------------


Error:  The following path violates requirements by 9.410ns

 Logical Details:  Cell type  Pin type       Cell name  (clock net +/-)

   Source:         FD1S3AX    CK             \CPU/adreg_i3  (from clk_c +)
   Destination:    FD1P3AX    D              \CPU/akku_i9  (to clk_c +)

   Delay:                  14.250ns  (35.2% logic, 64.8% route), 13 logic levels.

 Constraint Details:

     14.250ns data_path \CPU/adreg_i3 to \CPU/akku_i9 violates
      5.000ns delay constraint less
      0.160ns L_S requirement (totaling 4.840ns) by 9.410ns

 Path Details: \CPU/adreg_i3 to \CPU/akku_i9

   Name    Fanout   Delay (ns)          Pins               Resource(Cell.Net)
L_CO        ---     0.444             CK to Q              \CPU/adreg_i3 (from clk_c)
Route       132   e 1.223                                  adrram[2]
MUXL5       ---     0.233             SD to Z              \RAM/i1949
Route         1   e 0.941                                  \RAM/n2082
MUXL5       ---     0.233             D0 to Z              \RAM/i1952
Route         1   e 0.941                                  \RAM/n2085
LUT4        ---     0.493              B to Z              \RAM/i1953_3_lut
Route         1   e 0.020                                  \RAM/n2086
MUXL5       ---     0.233           ALUT to Z              \RAM/i117911_i1
Route         1   e 0.941                                  \RAM/data_7__N_66[0]
LUT4        ---     0.493              A to Z              \RAM/Select_676_i3_4_lut
Route        67   e 2.270                                  data[0]
LUT4        ---     0.493              B to Z              \CPU/i2270_2_lut
Route         1   e 0.941                                  \CPU/akku_o_8__N_36[0]
A1_TO_FCO   ---     0.827           C[2] to COUT           \CPU/add_91_3
Route         1   e 0.020                                  \CPU/n1539
FCI_TO_FCO  ---     0.157            CIN to COUT           \CPU/add_91_5
Route         1   e 0.020                                  \CPU/n1540
FCI_TO_FCO  ---     0.157            CIN to COUT           \CPU/add_91_7
Route         1   e 0.020                                  \CPU/n1541
FCI_TO_FCO  ---     0.157            CIN to COUT           \CPU/add_91_9
Route         1   e 0.020                                  \CPU/n1542
FCI_TO_F    ---     0.598            CIN to S[2]           \CPU/add_91_cout
Route         1   e 0.941                                  \CPU/akku_o_8__N_44[8]
LUT4        ---     0.493              A to Z              \CPU/i1159_2_lut
Route         1   e 0.941                                  \CPU/akku_o_8__N_11[8]
                  --------
                   14.250  (35.2% logic, 64.8% route), 13 logic levels.


Error:  The following path violates requirements by 9.410ns

 Logical Details:  Cell type  Pin type       Cell name  (clock net +/-)

   Source:         FD1S3AX    CK             \CPU/adreg_i3  (from clk_c +)
   Destination:    FD1P3AX    D              \CPU/akku_i9  (to clk_c +)

   Delay:                  14.250ns  (35.2% logic, 64.8% route), 13 logic levels.

 Constraint Details:

     14.250ns data_path \CPU/adreg_i3 to \CPU/akku_i9 violates
      5.000ns delay constraint less
      0.160ns L_S requirement (totaling 4.840ns) by 9.410ns

 Path Details: \CPU/adreg_i3 to \CPU/akku_i9

   Name    Fanout   Delay (ns)          Pins               Resource(Cell.Net)
L_CO        ---     0.444             CK to Q              \CPU/adreg_i3 (from clk_c)
Route       132   e 1.223                                  adrram[2]
MUXL5       ---     0.233             SD to Z              \RAM/i1482
Route         1   e 0.941                                  \RAM/n1615
MUXL5       ---     0.233             D0 to Z              \RAM/i1486
Route         1   e 0.941                                  \RAM/n1619
LUT4        ---     0.493              A to Z              \RAM/i1488_3_lut
Route         1   e 0.020                                  \RAM/n1621
MUXL5       ---     0.233           BLUT to Z              \RAM/i117911_i1
Route         1   e 0.941                                  \RAM/data_7__N_66[0]
LUT4        ---     0.493              A to Z              \RAM/Select_676_i3_4_lut
Route        67   e 2.270                                  data[0]
LUT4        ---     0.493              B to Z              \CPU/i2270_2_lut
Route         1   e 0.941                                  \CPU/akku_o_8__N_36[0]
A1_TO_FCO   ---     0.827           C[2] to COUT           \CPU/add_91_3
Route         1   e 0.020                                  \CPU/n1539
FCI_TO_FCO  ---     0.157            CIN to COUT           \CPU/add_91_5
Route         1   e 0.020                                  \CPU/n1540
FCI_TO_FCO  ---     0.157            CIN to COUT           \CPU/add_91_7
Route         1   e 0.020                                  \CPU/n1541
FCI_TO_FCO  ---     0.157            CIN to COUT           \CPU/add_91_9
Route         1   e 0.020                                  \CPU/n1542
FCI_TO_F    ---     0.598            CIN to S[2]           \CPU/add_91_cout
Route         1   e 0.941                                  \CPU/akku_o_8__N_44[8]
LUT4        ---     0.493              A to Z              \CPU/i1159_2_lut
Route         1   e 0.941                                  \CPU/akku_o_8__N_11[8]
                  --------
                   14.250  (35.2% logic, 64.8% route), 13 logic levels.


Error:  The following path violates requirements by 9.410ns

 Logical Details:  Cell type  Pin type       Cell name  (clock net +/-)

   Source:         FD1S3AX    CK             \CPU/adreg_i3  (from clk_c +)
   Destination:    FD1P3AX    D              \CPU/akku_i9  (to clk_c +)

   Delay:                  14.250ns  (35.2% logic, 64.8% route), 13 logic levels.

 Constraint Details:

     14.250ns data_path \CPU/adreg_i3 to \CPU/akku_i9 violates
      5.000ns delay constraint less
      0.160ns L_S requirement (totaling 4.840ns) by 9.410ns

 Path Details: \CPU/adreg_i3 to \CPU/akku_i9

   Name    Fanout   Delay (ns)          Pins               Resource(Cell.Net)
L_CO        ---     0.444             CK to Q              \CPU/adreg_i3 (from clk_c)
Route       132   e 1.223                                  adrram[2]
MUXL5       ---     0.233             SD to Z              \RAM/i1516
Route         1   e 0.941                                  \RAM/n1649
MUXL5       ---     0.233             D1 to Z              \RAM/i1518
Route         1   e 0.941                                  \RAM/n1651
LUT4        ---     0.493              B to Z              \RAM/i1519_3_lut
Route         1   e 0.020                                  \RAM/n1652
MUXL5       ---     0.233           BLUT to Z              \RAM/i118514_i1
Route         1   e 0.941                                  \RAM/data_7__N_66[1]
LUT4        ---     0.493              A to Z              \RAM/Select_675_i3_4_lut
Route        67   e 2.270                                  data[1]
LUT4        ---     0.493              B to Z              \CPU/i2267_2_lut
Route         1   e 0.941                                  \CPU/akku_o_8__N_36[1]
A1_TO_FCO   ---     0.827           C[2] to COUT           \CPU/add_91_3
Route         1   e 0.020                                  \CPU/n1539
FCI_TO_FCO  ---     0.157            CIN to COUT           \CPU/add_91_5
Route         1   e 0.020                                  \CPU/n1540
FCI_TO_FCO  ---     0.157            CIN to COUT           \CPU/add_91_7
Route         1   e 0.020                                  \CPU/n1541
FCI_TO_FCO  ---     0.157            CIN to COUT           \CPU/add_91_9
Route         1   e 0.020                                  \CPU/n1542
FCI_TO_F    ---     0.598            CIN to S[2]           \CPU/add_91_cout
Route         1   e 0.941                                  \CPU/akku_o_8__N_44[8]
LUT4        ---     0.493              A to Z              \CPU/i1159_2_lut
Route         1   e 0.941                                  \CPU/akku_o_8__N_11[8]
                  --------
                   14.250  (35.2% logic, 64.8% route), 13 logic levels.

Warning: 14.410 ns is the maximum delay for this constraint.



================================================================================
Constraint: create_clock -period 5.000000 -name clk0 [get_nets we_N_63]
            3200 items scored, 3200 timing errors detected.
--------------------------------------------------------------------------------


Error:  The following path violates requirements by 4.111ns

 Logical Details:  Cell type  Pin type       Cell name  (clock net +/-)

   Source:         FD1P3AX    CK             \RAM/mem[42]_i0_i7  (from we_N_63 +)
   Destination:    FD1P3AX    D              \RAM/mem[42]_i0_i7  (to we_N_63 +)

   Delay:                   8.951ns  (31.9% logic, 68.1% route), 8 logic levels.

 Constraint Details:

      8.951ns data_path \RAM/mem[42]_i0_i7 to \RAM/mem[42]_i0_i7 violates
      5.000ns delay constraint less
      0.160ns L_S requirement (totaling 4.840ns) by 4.111ns

 Path Details: \RAM/mem[42]_i0_i7 to \RAM/mem[42]_i0_i7

   Name    Fanout   Delay (ns)          Pins               Resource(Cell.Net)
L_CO        ---     0.444             CK to Q              \RAM/mem[42]_i0_i7 (from we_N_63)
Route         1   e 0.941                                  \RAM/mem[42][7]
LUT4        ---     0.493              A to Z              \RAM/i1711_3_lut
Route         1   e 0.020                                  \RAM/n1844
MUXL5       ---     0.233           ALUT to Z              \RAM/i1724
Route         1   e 0.020                                  \RAM/n1857
MUXL5       ---     0.233             D0 to Z              \RAM/i1731
Route         1   e 0.941                                  \RAM/n1864
MUXL5       ---     0.233             D1 to Z              \RAM/i1734
Route         1   e 0.941                                  \RAM/n1867
LUT4        ---     0.493              A to Z              \RAM/i1736_3_lut
Route         1   e 0.020                                  \RAM/n1869
MUXL5       ---     0.233           ALUT to Z              \RAM/i122132_i1
Route         1   e 0.941                                  \RAM/data_7__N_66[7]
LUT4        ---     0.493              A to Z              \RAM/Select_669_i3_4_lut
Route        70   e 2.272                                  data[7]
                  --------
                    8.951  (31.9% logic, 68.1% route), 8 logic levels.


Error:  The following path violates requirements by 4.111ns

 Logical Details:  Cell type  Pin type       Cell name  (clock net +/-)

   Source:         FD1P3AX    CK             \RAM/mem[42]_i0_i7  (from we_N_63 +)
   Destination:    FD1P3AX    D              \RAM/mem[41]_i0_i7  (to we_N_63 +)

   Delay:                   8.951ns  (31.9% logic, 68.1% route), 8 logic levels.

 Constraint Details:

      8.951ns data_path \RAM/mem[42]_i0_i7 to \RAM/mem[41]_i0_i7 violates
      5.000ns delay constraint less
      0.160ns L_S requirement (totaling 4.840ns) by 4.111ns

 Path Details: \RAM/mem[42]_i0_i7 to \RAM/mem[41]_i0_i7

   Name    Fanout   Delay (ns)          Pins               Resource(Cell.Net)
L_CO        ---     0.444             CK to Q              \RAM/mem[42]_i0_i7 (from we_N_63)
Route         1   e 0.941                                  \RAM/mem[42][7]
LUT4        ---     0.493              A to Z              \RAM/i1711_3_lut
Route         1   e 0.020                                  \RAM/n1844
MUXL5       ---     0.233           ALUT to Z              \RAM/i1724
Route         1   e 0.020                                  \RAM/n1857
MUXL5       ---     0.233             D0 to Z              \RAM/i1731
Route         1   e 0.941                                  \RAM/n1864
MUXL5       ---     0.233             D1 to Z              \RAM/i1734
Route         1   e 0.941                                  \RAM/n1867
LUT4        ---     0.493              A to Z              \RAM/i1736_3_lut
Route         1   e 0.020                                  \RAM/n1869
MUXL5       ---     0.233           ALUT to Z              \RAM/i122132_i1
Route         1   e 0.941                                  \RAM/data_7__N_66[7]
LUT4        ---     0.493              A to Z              \RAM/Select_669_i3_4_lut
Route        70   e 2.272                                  data[7]
                  --------
                    8.951  (31.9% logic, 68.1% route), 8 logic levels.


Error:  The following path violates requirements by 4.111ns

 Logical Details:  Cell type  Pin type       Cell name  (clock net +/-)

   Source:         FD1P3AX    CK             \RAM/mem[42]_i0_i7  (from we_N_63 +)
   Destination:    FD1P3AX    D              \RAM/mem[40]_i0_i7  (to we_N_63 +)

   Delay:                   8.951ns  (31.9% logic, 68.1% route), 8 logic levels.

 Constraint Details:

      8.951ns data_path \RAM/mem[42]_i0_i7 to \RAM/mem[40]_i0_i7 violates
      5.000ns delay constraint less
      0.160ns L_S requirement (totaling 4.840ns) by 4.111ns

 Path Details: \RAM/mem[42]_i0_i7 to \RAM/mem[40]_i0_i7

   Name    Fanout   Delay (ns)          Pins               Resource(Cell.Net)
L_CO        ---     0.444             CK to Q              \RAM/mem[42]_i0_i7 (from we_N_63)
Route         1   e 0.941                                  \RAM/mem[42][7]
LUT4        ---     0.493              A to Z              \RAM/i1711_3_lut
Route         1   e 0.020                                  \RAM/n1844
MUXL5       ---     0.233           ALUT to Z              \RAM/i1724
Route         1   e 0.020                                  \RAM/n1857
MUXL5       ---     0.233             D0 to Z              \RAM/i1731
Route         1   e 0.941                                  \RAM/n1864
MUXL5       ---     0.233             D1 to Z              \RAM/i1734
Route         1   e 0.941                                  \RAM/n1867
LUT4        ---     0.493              A to Z              \RAM/i1736_3_lut
Route         1   e 0.020                                  \RAM/n1869
MUXL5       ---     0.233           ALUT to Z              \RAM/i122132_i1
Route         1   e 0.941                                  \RAM/data_7__N_66[7]
LUT4        ---     0.493              A to Z              \RAM/Select_669_i3_4_lut
Route        70   e 2.272                                  data[7]
                  --------
                    8.951  (31.9% logic, 68.1% route), 8 logic levels.

Warning: 9.111 ns is the maximum delay for this constraint.


Timing Report Summary
--------------
--------------------------------------------------------------------------------
Constraint                              |   Constraint|       Actual|Levels
--------------------------------------------------------------------------------
                                        |             |             |
create_clock -period 5.000000 -name     |             |             |
clk1 [get_nets clk_c]                   |     5.000 ns|    14.410 ns|    13 *
                                        |             |             |
create_clock -period 5.000000 -name     |             |             |
clk0 [get_nets we_N_63]                 |     5.000 ns|     9.111 ns|     8 *
                                        |             |             |
--------------------------------------------------------------------------------


2 constraints not met.

--------------------------------------------------------------------------------
Critical Nets                           |   Loads|  Errors| % of total
--------------------------------------------------------------------------------
adrram[0]                               |     265|    2176|     29.82%
                                        |        |        |
\CPU/n1540                              |       1|    2120|     29.06%
                                        |        |        |
data[7]                                 |      70|    2042|     27.99%
                                        |        |        |
\RAM/data_7__N_66[7]                    |       1|    2035|     27.89%
                                        |        |        |
\CPU/n1541                              |       1|    1956|     26.81%
                                        |        |        |
data[6]                                 |      69|    1658|     22.72%
                                        |        |        |
\RAM/data_7__N_66[6]                    |       1|    1651|     22.63%
                                        |        |        |
\CPU/n1539                              |       1|    1440|     19.74%
                                        |        |        |
\CPU/akku_o_8__N_11[8]                  |       1|    1064|     14.58%
                                        |        |        |
\CPU/akku_o_8__N_44[8]                  |       1|    1064|     14.58%
                                        |        |        |
\CPU/n1542                              |       1|    1064|     14.58%
                                        |        |        |
\RAM/n1838                              |       1|    1017|     13.94%
                                        |        |        |
\RAM/n1869                              |       1|    1017|     13.94%
                                        |        |        |
adrram[1]                               |     136|     976|     13.38%
                                        |        |        |
\RAM/n1807                              |       1|     889|     12.18%
                                        |        |        |
data[0]                                 |      67|     840|     11.51%
                                        |        |        |
data[1]                                 |      67|     840|     11.51%
                                        |        |        |
\RAM/data_7__N_66[0]                    |       1|     812|     11.13%
                                        |        |        |
\RAM/data_7__N_66[1]                    |       1|     812|     11.13%
                                        |        |        |
\RAM/n1900                              |       1|     761|     10.43%
                                        |        |        |
--------------------------------------------------------------------------------


Timing summary:
---------------

Timing errors: 7296  Score: 42800508

Constraints cover  40537 paths, 1098 nets, and 2766 connections (77.6% coverage)


Peak memory: 92504064 bytes, TRCE: 10170368 bytes, DLYMAN: 327680 bytes
CPU_TIME_REPORT: 0 secs 
