--------------------------------------------------------------------------------
Lattice Synthesis Timing Report, Version  
Wed Dec 09 21:41:12 2020

Copyright (c) 1991-1994 by NeoCAD Inc. All rights reserved.
Copyright (c) 1995 AT&T Corp.   All rights reserved.
Copyright (c) 1995-2001 Lucent Technologies Inc.  All rights reserved.
Copyright (c) 2001 Agere Systems   All rights reserved.
Copyright (c) 2002-2017 Lattice Semiconductor Corporation,  All rights reserved.

Report Information
------------------
Design:     Lab2
Constraint file:  
Report level:    verbose report, limited to 3 items per constraint
--------------------------------------------------------------------------------



================================================================================
Constraint: create_clock -period 5.000000 -name clk0 [get_nets clk_c]
            4096 items scored, 4096 timing errors detected.
--------------------------------------------------------------------------------


Error:  The following path violates requirements by 31.528ns

 Logical Details:  Cell type  Pin type       Cell name  (clock net +/-)

   Source:         FD1P3IX    CK             LIGHT_CTL_i2  (from clk_c +)
   Destination:    FD1S3IX    CD             cur1__i3  (to clk_c +)

   Delay:                  36.368ns  (33.6% logic, 66.4% route), 24 logic levels.

 Constraint Details:

     36.368ns data_path LIGHT_CTL_i2 to cur1__i3 violates
      5.000ns delay constraint less
      0.160ns L_S requirement (totaling 4.840ns) by 31.528ns

 Path Details: LIGHT_CTL_i2 to cur1__i3

   Name    Fanout   Delay (ns)          Pins               Resource(Cell.Net)
L_CO        ---     0.444             CK to Q              LIGHT_CTL_i2 (from clk_c)
Route        71   e 2.331                                  LIGHT_CTL[2]
LUT4        ---     0.493              B to Z              AND2_t54
Route         1   e 0.941                                  mult_31s_19s_0_pp_0_2
LUT4        ---     0.493                to                Cadd_mult_31s_19s_0_0_1
Route         1   e 0.941                                  mult_31s_19s_0_pp_1_3
LUT4        ---     0.493                to                mult_31s_19s_0_add_0_2
Route         1   e 0.941                                  s_mult_31s_19s_0_0_4
LUT4        ---     0.493                to                Cadd_mult_31s_19s_0_5_1
Route         1   e 0.941                                  mult_31s_19s_0_pp_2_5
LUT4        ---     0.493                to                mult_31s_19s_0_add_5_2
Route         1   e 0.941                                  s_mult_31s_19s_0_0_8
LUT4        ---     0.493                to                mult_31s_19s_0_add_5_3
Route         1   e 0.941                                  s_mult_31s_19s_0_0_10
LUT4        ---     0.493                to                mult_31s_19s_0_add_5_4
Route         1   e 0.941                                  s_mult_31s_19s_0_0_12
LUT4        ---     0.493                to                mult_31s_19s_0_add_5_5
Route         1   e 0.941                                  s_mult_31s_19s_0_5_12
LUT4        ---     0.493                to                mult_31s_19s_0_add_8_3
Route         1   e 0.941                                  s_mult_31s_19s_0_5_14
LUT4        ---     0.493                to                mult_31s_19s_0_add_8_4
Route         1   e 0.941                                  s_mult_31s_19s_0_5_16
LUT4        ---     0.493                to                mult_31s_19s_0_add_8_5
Route         1   e 0.941                                  s_mult_31s_19s_0_5_18
LUT4        ---     0.493                to                mult_31s_19s_0_add_8_6
Route         1   e 0.941                                  s_mult_31s_19s_0_5_20
LUT4        ---     0.493                to                mult_31s_19s_0_add_8_7
Route         1   e 0.941                                  s_mult_31s_19s_0_8_20
LUT4        ---     0.493                to                t_mult_31s_19s_0_add_9_3
Route         1   e 0.941                                  s_mult_31s_19s_0_8_22
LUT4        ---     0.493                to                t_mult_31s_19s_0_add_9_4
Route         1   e 0.941                                  s_mult_31s_19s_0_8_24
LUT4        ---     0.493                to                t_mult_31s_19s_0_add_9_5
Route         1   e 0.941                                  s_mult_31s_19s_0_8_26
LUT4        ---     0.493                to                t_mult_31s_19s_0_add_9_6
Route         1   e 0.941                                  s_mult_31s_19s_0_8_28
LUT4        ---     0.493                to                t_mult_31s_19s_0_add_9_7
Route         1   e 0.941                                  s_mult_31s_19s_0_8_30
LUT4        ---     0.493                to                t_mult_31s_19s_0_add_9_8
Route         1   e 0.941                                  s_mult_31s_19s_0_8_32
LUT4        ---     0.493                to                t_mult_31s_19s_0_add_9_9
Route         1   e 0.941                                  n1024
A1_TO_FCO   ---     0.827           B[2] to COUT           sub_331_add_2_29
Route         1   e 0.020                                  n3935
FCI_TO_F    ---     0.598            CIN to S[2]           sub_331_add_2_cout
Route         1   e 0.941                                  n2480
LUT4        ---     0.493              A to Z              i272_2_lut
Route        29   e 2.034                                  n1844
                  --------
                   36.368  (33.6% logic, 66.4% route), 24 logic levels.


Error:  The following path violates requirements by 31.528ns

 Logical Details:  Cell type  Pin type       Cell name  (clock net +/-)

   Source:         FD1P3IX    CK             LIGHT_CTL_i2  (from clk_c +)
   Destination:    FD1S3IX    CD             cur1__i3  (to clk_c +)

   Delay:                  36.368ns  (33.6% logic, 66.4% route), 24 logic levels.

 Constraint Details:

     36.368ns data_path LIGHT_CTL_i2 to cur1__i3 violates
      5.000ns delay constraint less
      0.160ns L_S requirement (totaling 4.840ns) by 31.528ns

 Path Details: LIGHT_CTL_i2 to cur1__i3

   Name    Fanout   Delay (ns)          Pins               Resource(Cell.Net)
L_CO        ---     0.444             CK to Q              LIGHT_CTL_i2 (from clk_c)
Route        71   e 2.331                                  LIGHT_CTL[2]
LUT4        ---     0.493              B to Z              AND2_t54
Route         1   e 0.941                                  mult_31s_19s_0_pp_0_2
LUT4        ---     0.493                to                Cadd_mult_31s_19s_0_0_1
Route         1   e 0.941                                  mult_31s_19s_0_pp_1_3
LUT4        ---     0.493                to                mult_31s_19s_0_add_0_2
Route         1   e 0.941                                  mult_31s_19s_0_pp_1_5
LUT4        ---     0.493                to                mult_31s_19s_0_add_0_3
Route         1   e 0.941                                  mult_31s_19s_0_pp_2_5
LUT4        ---     0.493                to                mult_31s_19s_0_add_5_2
Route         1   e 0.941                                  s_mult_31s_19s_0_0_8
LUT4        ---     0.493                to                mult_31s_19s_0_add_5_3
Route         1   e 0.941                                  s_mult_31s_19s_0_5_8
LUT4        ---     0.493                to                Cadd_mult_31s_19s_0_8_1
Route         1   e 0.941                                  mult_31s_19s_0_pp_4_9
LUT4        ---     0.493                to                mult_31s_19s_0_add_8_2
Route         1   e 0.941                                  s_mult_31s_19s_0_5_12
LUT4        ---     0.493                to                mult_31s_19s_0_add_8_3
Route         1   e 0.941                                  s_mult_31s_19s_0_5_14
LUT4        ---     0.493                to                mult_31s_19s_0_add_8_4
Route         1   e 0.941                                  s_mult_31s_19s_0_5_16
LUT4        ---     0.493                to                mult_31s_19s_0_add_8_5
Route         1   e 0.941                                  s_mult_31s_19s_0_5_18
LUT4        ---     0.493                to                mult_31s_19s_0_add_8_6
Route         1   e 0.941                                  s_mult_31s_19s_0_5_20
LUT4        ---     0.493                to                mult_31s_19s_0_add_8_7
Route         1   e 0.941                                  s_mult_31s_19s_0_8_20
LUT4        ---     0.493                to                t_mult_31s_19s_0_add_9_3
Route         1   e 0.941                                  s_mult_31s_19s_0_8_22
LUT4        ---     0.493                to                t_mult_31s_19s_0_add_9_4
Route         1   e 0.941                                  s_mult_31s_19s_0_8_24
LUT4        ---     0.493                to                t_mult_31s_19s_0_add_9_5
Route         1   e 0.941                                  s_mult_31s_19s_0_8_26
LUT4        ---     0.493                to                t_mult_31s_19s_0_add_9_6
Route         1   e 0.941                                  s_mult_31s_19s_0_8_28
LUT4        ---     0.493                to                t_mult_31s_19s_0_add_9_7
Route         1   e 0.941                                  s_mult_31s_19s_0_8_30
LUT4        ---     0.493                to                t_mult_31s_19s_0_add_9_8
Route         1   e 0.941                                  s_mult_31s_19s_0_8_32
LUT4        ---     0.493                to                t_mult_31s_19s_0_add_9_9
Route         1   e 0.941                                  n1024
A1_TO_FCO   ---     0.827           B[2] to COUT           sub_331_add_2_29
Route         1   e 0.020                                  n3935
FCI_TO_F    ---     0.598            CIN to S[2]           sub_331_add_2_cout
Route         1   e 0.941                                  n2480
LUT4        ---     0.493              A to Z              i272_2_lut
Route        29   e 2.034                                  n1844
                  --------
                   36.368  (33.6% logic, 66.4% route), 24 logic levels.


Error:  The following path violates requirements by 31.528ns

 Logical Details:  Cell type  Pin type       Cell name  (clock net +/-)

   Source:         FD1P3IX    CK             LIGHT_CTL_i2  (from clk_c +)
   Destination:    FD1S3IX    CD             cur1__i3  (to clk_c +)

   Delay:                  36.368ns  (33.6% logic, 66.4% route), 24 logic levels.

 Constraint Details:

     36.368ns data_path LIGHT_CTL_i2 to cur1__i3 violates
      5.000ns delay constraint less
      0.160ns L_S requirement (totaling 4.840ns) by 31.528ns

 Path Details: LIGHT_CTL_i2 to cur1__i3

   Name    Fanout   Delay (ns)          Pins               Resource(Cell.Net)
L_CO        ---     0.444             CK to Q              LIGHT_CTL_i2 (from clk_c)
Route        71   e 2.331                                  LIGHT_CTL[2]
LUT4        ---     0.493              B to Z              AND2_t54
Route         1   e 0.941                                  mult_31s_19s_0_pp_0_2
LUT4        ---     0.493                to                Cadd_mult_31s_19s_0_0_1
Route         1   e 0.941                                  mult_31s_19s_0_pp_1_3
LUT4        ---     0.493                to                mult_31s_19s_0_add_0_2
Route         1   e 0.941                                  mult_31s_19s_0_pp_1_5
LUT4        ---     0.493                to                mult_31s_19s_0_add_0_3
Route         1   e 0.941                                  mult_31s_19s_0_pp_1_7
LUT4        ---     0.493                to                mult_31s_19s_0_add_0_4
Route         1   e 0.941                                  s_mult_31s_19s_0_0_8
LUT4        ---     0.493                to                mult_31s_19s_0_add_5_3
Route         1   e 0.941                                  s_mult_31s_19s_0_0_10
LUT4        ---     0.493                to                mult_31s_19s_0_add_5_4
Route         1   e 0.941                                  s_mult_31s_19s_0_0_12
LUT4        ---     0.493                to                mult_31s_19s_0_add_5_5
Route         1   e 0.941                                  s_mult_31s_19s_0_5_12
LUT4        ---     0.493                to                mult_31s_19s_0_add_8_3
Route         1   e 0.941                                  s_mult_31s_19s_0_5_14
LUT4        ---     0.493                to                mult_31s_19s_0_add_8_4
Route         1   e 0.941                                  s_mult_31s_19s_0_5_16
LUT4        ---     0.493                to                mult_31s_19s_0_add_8_5
Route         1   e 0.941                                  s_mult_31s_19s_0_8_16
LUT4        ---     0.493                to                Cadd_t_mult_31s_19s_0_9_1
Route         1   e 0.941                                  mult_31s_19s_0_pp_8_17
LUT4        ---     0.493                to                t_mult_31s_19s_0_add_9_2
Route         1   e 0.941                                  s_mult_31s_19s_0_8_20
LUT4        ---     0.493                to                t_mult_31s_19s_0_add_9_3
Route         1   e 0.941                                  s_mult_31s_19s_0_8_22
LUT4        ---     0.493                to                t_mult_31s_19s_0_add_9_4
Route         1   e 0.941                                  s_mult_31s_19s_0_8_24
LUT4        ---     0.493                to                t_mult_31s_19s_0_add_9_5
Route         1   e 0.941                                  s_mult_31s_19s_0_8_26
LUT4        ---     0.493                to                t_mult_31s_19s_0_add_9_6
Route         1   e 0.941                                  s_mult_31s_19s_0_8_28
LUT4        ---     0.493                to                t_mult_31s_19s_0_add_9_7
Route         1   e 0.941                                  s_mult_31s_19s_0_8_30
LUT4        ---     0.493                to                t_mult_31s_19s_0_add_9_8
Route         1   e 0.941                                  s_mult_31s_19s_0_8_32
LUT4        ---     0.493                to                t_mult_31s_19s_0_add_9_9
Route         1   e 0.941                                  n1024
A1_TO_FCO   ---     0.827           B[2] to COUT           sub_331_add_2_29
Route         1   e 0.020                                  n3935
FCI_TO_F    ---     0.598            CIN to S[2]           sub_331_add_2_cout
Route         1   e 0.941                                  n2480
LUT4        ---     0.493              A to Z              i272_2_lut
Route        29   e 2.034                                  n1844
                  --------
                   36.368  (33.6% logic, 66.4% route), 24 logic levels.

Warning: 36.528 ns is the maximum delay for this constraint.


Timing Report Summary
--------------
--------------------------------------------------------------------------------
Constraint                              |   Constraint|       Actual|Levels
--------------------------------------------------------------------------------
                                        |             |             |
create_clock -period 5.000000 -name     |             |             |
clk0 [get_nets clk_c]                   |     5.000 ns|    36.528 ns|    24 *
                                        |             |             |
--------------------------------------------------------------------------------


1 constraints not met.

--------------------------------------------------------------------------------
Critical Nets                           |   Loads|  Errors| % of total
--------------------------------------------------------------------------------
LIGHT_CTL[2]                            |      71|    4096|     99.00%
                                        |        |        |
mult_31s_19s_0_pp_0_2                   |       1|    4096|     99.00%
                                        |        |        |
mult_31s_19s_0_pp_1_3                   |       1|    4096|     99.00%
                                        |        |        |
n1024                                   |       1|    4096|     99.00%
                                        |        |        |
n1844                                   |      29|    4096|     99.00%
                                        |        |        |
n2480                                   |       1|    4096|     99.00%
                                        |        |        |
n3935                                   |       1|    4096|     99.00%
                                        |        |        |
s_mult_31s_19s_0_8_28                   |       1|    4096|     99.00%
                                        |        |        |
s_mult_31s_19s_0_8_30                   |       1|    4096|     99.00%
                                        |        |        |
s_mult_31s_19s_0_8_32                   |       1|    4096|     99.00%
                                        |        |        |
s_mult_31s_19s_0_8_26                   |       1|    4095|     99.98%
                                        |        |        |
s_mult_31s_19s_0_8_24                   |       1|    4063|     99.19%
                                        |        |        |
s_mult_31s_19s_0_5_16                   |       1|    4061|     99.15%
                                        |        |        |
s_mult_31s_19s_0_8_22                   |       1|    3940|     96.19%
                                        |        |        |
s_mult_31s_19s_0_5_14                   |       1|    3904|     95.31%
                                        |        |        |
s_mult_31s_19s_0_8_20                   |       1|    3607|     88.06%
                                        |        |        |
s_mult_31s_19s_0_0_8                    |       1|    3486|     85.11%
                                        |        |        |
s_mult_31s_19s_0_5_12                   |       1|    3427|     83.67%
                                        |        |        |
s_mult_31s_19s_0_0_10                   |       1|    2912|     71.09%
                                        |        |        |
mult_31s_19s_0_pp_8_17                  |       1|    2857|     69.75%
                                        |        |        |
mult_31s_19s_0_pp_1_5                   |       1|    2799|     68.33%
                                        |        |        |
mult_31s_19s_0_pp_2_5                   |       1|    2770|     67.63%
                                        |        |        |
s_mult_31s_19s_0_5_18                   |       1|    2685|     65.55%
                                        |        |        |
mult_31s_19s_0_pp_4_9                   |       1|    2472|     60.35%
                                        |        |        |
s_mult_31s_19s_0_0_12                   |       1|    1590|     38.82%
                                        |        |        |
s_mult_31s_19s_0_8_16                   |       1|    1410|     34.42%
                                        |        |        |
mult_31s_19s_0_pp_1_7                   |       1|    1326|     32.37%
                                        |        |        |
s_mult_31s_19s_0_0_4                    |       1|    1297|     31.67%
                                        |        |        |
s_mult_31s_19s_0_5_20                   |       1|    1239|     30.25%
                                        |        |        |
s_mult_31s_19s_0_5_8                    |       1|     996|     24.32%
                                        |        |        |
s_mult_31s_19s_0_0_14                   |       1|     668|     16.31%
                                        |        |        |
mult_31s_19s_0_pp_1_9                   |       1|     610|     14.89%
                                        |        |        |
s_mult_31s_19s_0_5_22                   |       1|     489|     11.94%
                                        |        |        |
--------------------------------------------------------------------------------


Timing summary:
---------------

Timing errors: 4096  Score: 129138688

Constraints cover  476244868 paths, 968 nets, and 2570 connections (92.5% coverage)


Peak memory: 100454400 bytes, TRCE: 8601600 bytes, DLYMAN: 0 bytes
CPU_TIME_REPORT: 0 secs 
